******************************************************************************
            TI ARM Clang Linker PC v3.2.2                      
******************************************************************************
>> Linked Thu Jul 24 15:33:26 2025

OUTPUT FILE NAME:   <AC_millivoltmeter.out>
ENTRY POINT SYMBOL: "_c_int00_noargs"  address: 0000140d


MEMORY CONFIGURATION

         name            origin    length      used     unused   attr    fill
----------------------  --------  ---------  --------  --------  ----  --------
  FLASH                 00000000   00020000  00002258  0001dda8  R  X
  SRAM                  20200000   00008000  00001237  00006dc9  RW X
  BCR_CONFIG            41c00000   000000ff  00000000  000000ff  R   
  BSL_CONFIG            41c00100   00000080  00000000  00000080  R   


SEGMENT ALLOCATION MAP

run origin  load origin   length   init length attrs members
----------  ----------- ---------- ----------- ----- -------
00000000    00000000    000018c8   000018c8    r-x
  00000000    00000000    000000c0   000000c0    r-- .intvecs
  000000c0    000000c0    00001808   00001808    r-x .text
000018d0    000018d0    00000990   00000990    r--
  000018d0    000018d0    00000960   00000960    r-- .rodata
  00002230    00002230    00000030   00000030    r-- .cinit
20200000    20200000    00001038   00000000    rw-
  20200000    20200000    00001033   00000000    rw- .bss
  20201034    20201034    00000004   00000000    rw- .data
20207e00    20207e00    00000200   00000000    rw-
  20207e00    20207e00    00000200   00000000    rw- .stack


SECTION ALLOCATION MAP

 output                                  attributes/
section   page    origin      length       input sections
--------  ----  ----------  ----------   ----------------
.intvecs   0    00000000    000000c0     
                  00000000    000000c0     startup_mspm0g350x_ticlang.o (.intvecs)

.text      0    000000c0    00001808     
                  000000c0    00000888     libc.a : _printfi.c.obj (.text:__TI_printfi_nofloat)
                  00000948    00000150     oled.o (.text.OLED_ShowChar)
                  00000a98    000000c0     oled.o (.text.OLED_Init)
                  00000b58    000000b0     AC_millivoltmeter.o (.text.main)
                  00000c08    000000a2     libclang_rt.builtins.a : udivmoddi4.S.obj (.text)
                  00000caa    00000002                            : aeabi_div0.c.obj (.text.__aeabi_idiv0)
                  00000cac    00000078     ti_msp_dl_config.o (.text.SYSCFG_DL_ADC0_init)
                  00000d24    00000078     libc.a : copy_decompress_lzss.c.obj (.text:decompress:lzss)
                  00000d9c    00000074     oled.o (.text.I2C_WriteByte)
                  00000e10    00000068     oled.o (.text.OLED_Fill)
                  00000e78    0000005e     driverlib.a : dl_i2c.o (.text.DL_I2C_fillControllerTXFIFO)
                  00000ed6    00000002     libclang_rt.builtins.a : aeabi_div0.c.obj (.text.__aeabi_ldiv0)
                  00000ed8    00000058     ti_msp_dl_config.o (.text.SYSCFG_DL_I2C_OLED_init)
                  00000f30    00000054     ti_msp_dl_config.o (.text.SYSCFG_DL_initPower)
                  00000f84    00000052     oled.o (.text.OLED_ShowString)
                  00000fd6    00000002     --HOLE-- [fill = 0]
                  00000fd8    00000050     oled.o (.text.DL_I2C_startControllerTransfer)
                  00001028    0000004c     ti_msp_dl_config.o (.text.DL_ADC12_initSingleSample)
                  00001074    0000004a     ti_msp_dl_config.o (.text.DL_ADC12_configConversionMem)
                  000010be    00000042     ti_msp_dl_config.o (.text.SYSCFG_DL_GPIO_init)
                  00001100    00000040     driverlib.a : dl_adc12.o (.text.DL_ADC12_setClockConfig)
                  00001140    00000040     libclang_rt.builtins.a : aeabi_uidivmod.S.obj (.text.__aeabi_uidivmod)
                  00001180    00000040     libc.a : atoi.c.obj (.text.atoi)
                  000011c0    0000003c     ti_msp_dl_config.o (.text.DL_GPIO_initPeripheralInputFunctionFeatures)
                  000011fc    0000003c     libc.a : autoinit.c.obj (.text:__TI_auto_init_nobinit_nopinit)
                  00001238    0000003a     libclang_rt.builtins.a : muldsi3.S.obj (.text.__muldsi3)
                  00001272    00000002     --HOLE-- [fill = 0]
                  00001274    00000038     libc.a : sprintf.c.obj (.text.sprintf)
                  000012ac    00000036     oled.o (.text.OLED_SetPos)
                  000012e2    00000002     --HOLE-- [fill = 0]
                  000012e4    00000030     AC_millivoltmeter.o (.text.DL_ADC12_getMemResult)
                  00001314    0000002c     AC_millivoltmeter.o (.text.__NVIC_EnableIRQ)
                  00001340    0000002a     ti_msp_dl_config.o (.text.SYSCFG_DL_SYSCTL_init)
                  0000136a    00000028     oled.o (.text.DL_Common_updateReg)
                  00001392    00000028     ti_msp_dl_config.o (.text.DL_Common_updateReg)
                  000013ba    00000002     --HOLE-- [fill = 0]
                  000013bc    00000028     ti_msp_dl_config.o (.text.DL_I2C_setControllerRXFIFOThreshold)
                  000013e4    00000028     ti_msp_dl_config.o (.text.DL_I2C_setControllerTXFIFOThreshold)
                  0000140c    00000028     libc.a : boot_cortex_m.c.obj (.text:_c_int00_noargs)
                  00001434    00000026     ti_msp_dl_config.o (.text.DL_I2C_setAnalogGlitchFilterPulseWidth)
                  0000145a    00000026     driverlib.a : dl_i2c.o (.text.DL_I2C_setClockConfig)
                  00001480    00000024     libclang_rt.builtins.a : muldi3.S.obj (.text.__muldi3)
                  000014a4    00000022     libc.a : memccpy.c.obj (.text.memccpy)
                  000014c6    00000002     --HOLE-- [fill = 0]
                  000014c8    00000020     AC_millivoltmeter.o (.text.ADC0_IRQHandler)
                  000014e8    0000001e     ti_msp_dl_config.o (.text.DL_ADC12_setPowerDownMode)
                  00001506    00000002     --HOLE-- [fill = 0]
                  00001508    0000001e     libclang_rt.builtins.a : ashldi3.S.obj (.text.__ashldi3)
                  00001526    00000002     --HOLE-- [fill = 0]
                  00001528    0000001c     ti_msp_dl_config.o (.text.DL_ADC12_clearInterruptStatus)
                  00001544    0000001c     ti_msp_dl_config.o (.text.DL_ADC12_enableInterrupt)
                  00001560    0000001c     AC_millivoltmeter.o (.text.DL_ADC12_startConversion)
                  0000157c    0000001c     ti_msp_dl_config.o (.text.DL_GPIO_enableHiZ)
                  00001598    0000001c     ti_msp_dl_config.o (.text.DL_SYSCTL_setMCLKDivider)
                  000015b4    0000001c     ti_msp_dl_config.o (.text.DL_SYSCTL_setSYSOSCFreq)
                  000015d0    0000001c     ti_msp_dl_config.o (.text.DL_SYSCTL_setULPCLKDivider)
                  000015ec    00000018     ti_msp_dl_config.o (.text.DL_ADC12_enablePower)
                  00001604    00000018     ti_msp_dl_config.o (.text.DL_ADC12_reset)
                  0000161c    00000018     ti_msp_dl_config.o (.text.DL_ADC12_setSampleTime0)
                  00001634    00000018     ti_msp_dl_config.o (.text.DL_ADC12_setSampleTime1)
                  0000164c    00000018     ti_msp_dl_config.o (.text.DL_GPIO_enablePower)
                  00001664    00000018     ti_msp_dl_config.o (.text.DL_GPIO_reset)
                  0000167c    00000018     ti_msp_dl_config.o (.text.DL_I2C_enableAnalogGlitchFilter)
                  00001694    00000018     ti_msp_dl_config.o (.text.DL_I2C_enableController)
                  000016ac    00000018     ti_msp_dl_config.o (.text.DL_I2C_enableControllerClockStretching)
                  000016c4    00000018     ti_msp_dl_config.o (.text.DL_I2C_enablePower)
                  000016dc    00000018     ti_msp_dl_config.o (.text.DL_I2C_reset)
                  000016f4    00000018     ti_msp_dl_config.o (.text.DL_I2C_setTimerPeriod)
                  0000170c    00000018     ti_msp_dl_config.o (.text.DL_SYSCTL_setBORThreshold)
                  00001724    00000018     ti_msp_dl_config.o (.text.SYSCFG_DL_init)
                  0000173c    00000018     libc.a : sprintf.c.obj (.text._outs)
                  00001754    00000016     ti_msp_dl_config.o (.text.DL_ADC12_enableConversions)
                  0000176a    00000016     oled.o (.text.WriteCmd)
                  00001780    00000016     oled.o (.text.WriteData)
                  00001796    00000002     --HOLE-- [fill = 0]
                  00001798    00000014     oled.o (.text.DL_I2C_getControllerStatus)
                  000017ac    00000014     ti_msp_dl_config.o (.text.DL_I2C_resetControllerTransfer)
                  000017c0    00000014     ti_msp_dl_config.o (.text.DL_SYSCTL_disableSYSPLL)
                  000017d4    00000014     libclang_rt.builtins.a : aeabi_uldivmod.S.obj (.text.__aeabi_uldivmod)
                  000017e8    00000012     AC_millivoltmeter.o (.text.DL_ADC12_getPendingInterrupt)
                  000017fa    00000012     libc.a : memcpy16.S.obj (.text:TI_memcpy_small)
                  0000180c    00000012            : copy_decompress_none.c.obj (.text:decompress:none)
                  0000181e    00000002     --HOLE-- [fill = 0]
                  00001820    00000010     ti_msp_dl_config.o (.text.DL_SYSCTL_disableHFXT)
                  00001830    00000010     libc.a : wcslen.c.obj (.text.wcslen)
                  00001840    00000010            : copy_zero_init.c.obj (.text:decompress:ZI)
                  00001850    0000000e     libclang_rt.builtins.a : aeabi_memset.S.obj (.text.__aeabi_memset)
                  0000185e    0000000e     libc.a : _printfi.c.obj (.text.strlen)
                  0000186c    0000000e            : memset16.S.obj (.text:TI_memset_small)
                  0000187a    00000002     --HOLE-- [fill = 0]
                  0000187c    0000000c     libclang_rt.builtins.a : aeabi_memset.S.obj (.text.__aeabi_memclr)
                  00001888    0000000a     driverlib.a : dl_common.o (.text.DL_Common_delayCycles)
                  00001892    0000000a     oled.o (.text.OLED_CLS)
                  0000189c    0000000a     libc.a : sprintf.c.obj (.text._outc)
                  000018a6    00000002     --HOLE-- [fill = 0]
                  000018a8    00000008            : aeabi_portable.c.obj (.text.__aeabi_errno_addr)
                  000018b0    00000008     libclang_rt.builtins.a : aeabi_memcpy.S.obj (.text.__aeabi_memcpy)
                  000018b8    00000004     startup_mspm0g350x_ticlang.o (.text.Default_Handler)
                  000018bc    00000004     startup_mspm0g350x_ticlang.o (.text.Reset_Handler)
                  000018c0    00000004     libc.a : pre_init.c.obj (.text._system_pre_init)
                  000018c4    00000004            : exit.c.obj (.text:abort)

.cinit     0    00002230    00000030     
                  00002230    0000000c     (__TI_handler_table)
                  0000223c    00000008     (.cinit..bss.load) [load image, compression = zero_init]
                  00002244    00000007     (.cinit..data.load) [load image, compression = lzss]
                  0000224b    00000001     --HOLE-- [fill = 0]
                  0000224c    00000010     (__TI_cinit_table)
                  0000225c    00000004     --HOLE-- [fill = 0]

.rodata    0    000018d0    00000960     
                  000018d0    000005f0     oled.o (.rodata.F8X16)
                  00001ec0    00000228     oled.o (.rodata.F6x8)
                  000020e8    00000008     ti_msp_dl_config.o (.rodata.gADC0ClockConfig)
                  000020f0    00000101     libc.a : aeabi_ctype.S.obj (.rodata:__aeabi_ctype_table_)
                  000021f1    00000011            : _printfi.c.obj (.rodata.str1.11645776875810915891)
                  00002202    00000011            : _printfi.c.obj (.rodata.str1.44690500295887128011)
                  00002213    0000000f     AC_millivoltmeter.o (.rodata.str1.117855325018924729861)
                  00002222    00000002     ti_msp_dl_config.o (.rodata.gI2C_OLEDClockConfig)
                  00002224    0000000c     --HOLE-- [fill = 0]

.init_array 
*          0    00000000    00000000     UNINITIALIZED

.binit     0    00000000    00000000     

.bss       0    20200000    00001033     UNINITIALIZED
                  20200000    00001000     (.common:AdcValue)
                  20201000    00000032     (.common:buffer)
                  20201032    00000001     (.common:ADC_conv_cplt_flag)

.data      0    20201034    00000004     UNINITIALIZED
                  20201034    00000004     libc.a : aeabi_portable.c.obj (.data.__aeabi_errno)

.stack     0    20207e00    00000200     UNINITIALIZED
                  20207e00    00000004     libc.a : boot_cortex_m.c.obj (.stack)
                  20207e04    000001fc     --HOLE--

__llvm_prf_cnts 
*          0    20200000    00000000     UNINITIALIZED

__llvm_prf_bits 
*          0    20200000    00000000     UNINITIALIZED

MODULE SUMMARY

       Module                         code   ro data   rw data
       ------                         ----   -------   -------
    .\
       AC_millivoltmeter.o            346    15        4147   
       ti_msp_dl_config.o             1380   10        0      
       startup_mspm0g350x_ticlang.o   8      192       0      
    +--+------------------------------+------+---------+---------+
       Total:                         1734   217       4147   
                                                              
    .\bsp\
       oled.o                         1078   2072      0      
    +--+------------------------------+------+---------+---------+
       Total:                         1078   2072      0      
                                                              
    D:/A_Scholastic/33/ti/mspm0_sdk_2_04_00_06/source/ti/driverlib/lib/ticlang/m0p/mspm0g1x0x_g3x0x/driverlib.a
       dl_i2c.o                       132    0         0      
       dl_adc12.o                     64     0         0      
       dl_common.o                    10     0         0      
    +--+------------------------------+------+---------+---------+
       Total:                         206    0         0      
                                                              
    D:\ccstheia141\ccs\tools\compiler\ti-cgt-armllvm_3.2.2.LTS\lib\armv6m-ti-none-eabi/c/libc.a
       _printfi.c.obj                 2198   34        0      
       aeabi_ctype.S.obj              0      257       0      
       copy_decompress_lzss.c.obj     120    0         0      
       sprintf.c.obj                  90     0         0      
       atoi.c.obj                     64     0         0      
       autoinit.c.obj                 60     0         0      
       boot_cortex_m.c.obj            40     0         0      
       memccpy.c.obj                  34     0         0      
       copy_decompress_none.c.obj     18     0         0      
       memcpy16.S.obj                 18     0         0      
       copy_zero_init.c.obj           16     0         0      
       wcslen.c.obj                   16     0         0      
       memset16.S.obj                 14     0         0      
       aeabi_portable.c.obj           8      0         4      
       exit.c.obj                     4      0         0      
       pre_init.c.obj                 4      0         0      
    +--+------------------------------+------+---------+---------+
       Total:                         2704   291       4      
                                                              
    D:\ccstheia141\ccs\tools\compiler\ti-cgt-armllvm_3.2.2.LTS\lib\clang/15.0.7/lib/armv6m-ti-none-eabi/libclang_rt.builtins.a
       udivmoddi4.S.obj               162    0         0      
       aeabi_uidivmod.S.obj           64     0         0      
       muldsi3.S.obj                  58     0         0      
       muldi3.S.obj                   36     0         0      
       ashldi3.S.obj                  30     0         0      
       aeabi_memset.S.obj             26     0         0      
       aeabi_uldivmod.S.obj           20     0         0      
       aeabi_memcpy.S.obj             8      0         0      
       aeabi_div0.c.obj               4      0         0      
    +--+------------------------------+------+---------+---------+
       Total:                         408    0         0      
                                                              
       Stack:                         0      0         512    
       Linker Generated:              0      43        0      
    +--+------------------------------+------+---------+---------+
       Grand Total:                   6130   2623      4663   


LINKER GENERATED COPY TABLES

__TI_cinit_table @ 0000224c records: 2, size/record: 8, table size: 16
	.bss: load addr=0000223c, load size=00000008 bytes, run addr=20200000, run size=00001033 bytes, compression=zero_init
	.data: load addr=00002244, load size=00000007 bytes, run addr=20201034, run size=00000004 bytes, compression=lzss


LINKER GENERATED HANDLER TABLE

__TI_handler_table @ 00002230 records: 3, size/record: 4, table size: 12
	index: 0, handler: __TI_decompress_lzss
	index: 1, handler: __TI_decompress_none
	index: 2, handler: __TI_zero_init


GLOBAL SYMBOLS: SORTED ALPHABETICALLY BY Name 

address   name                          
-------   ----                          
000014c9  ADC0_IRQHandler               
000018b9  ADC1_IRQHandler               
20201032  ADC_conv_cplt_flag            
000018b9  AES_IRQHandler                
20200000  AdcValue                      
000018c4  C$$EXIT                       
000018b9  CANFD0_IRQHandler             
000018b9  DAC0_IRQHandler               
00001101  DL_ADC12_setClockConfig       
00001889  DL_Common_delayCycles         
00000e79  DL_I2C_fillControllerTXFIFO   
0000145b  DL_I2C_setClockConfig         
000018b9  DMA_IRQHandler                
000018b9  Default_Handler               
00001ec0  F6x8                          
000018d0  F8X16                         
000018b9  GROUP0_IRQHandler             
000018b9  GROUP1_IRQHandler             
000018b9  HardFault_Handler             
000018b9  I2C0_IRQHandler               
000018b9  I2C1_IRQHandler               
00000d9d  I2C_WriteByte                 
000018b9  NMI_Handler                   
00001893  OLED_CLS                      
00000e11  OLED_Fill                     
00000a99  OLED_Init                     
000012ad  OLED_SetPos                   
00000949  OLED_ShowChar                 
00000f85  OLED_ShowString               
000018b9  PendSV_Handler                
000018b9  RTC_IRQHandler                
000018bd  Reset_Handler                 
000018b9  SPI0_IRQHandler               
000018b9  SPI1_IRQHandler               
000018b9  SVC_Handler                   
00000cad  SYSCFG_DL_ADC0_init           
000010bf  SYSCFG_DL_GPIO_init           
00000ed9  SYSCFG_DL_I2C_OLED_init       
00001341  SYSCFG_DL_SYSCTL_init         
00001725  SYSCFG_DL_init                
00000f31  SYSCFG_DL_initPower           
000018b9  SysTick_Handler               
000018b9  TIMA0_IRQHandler              
000018b9  TIMA1_IRQHandler              
000018b9  TIMG0_IRQHandler              
000018b9  TIMG12_IRQHandler             
000018b9  TIMG6_IRQHandler              
000018b9  TIMG7_IRQHandler              
000018b9  TIMG8_IRQHandler              
000017fb  TI_memcpy_small               
0000186d  TI_memset_small               
000018b9  UART0_IRQHandler              
000018b9  UART1_IRQHandler              
000018b9  UART2_IRQHandler              
000018b9  UART3_IRQHandler              
0000176b  WriteCmd                      
00001781  WriteData                     
20208000  __STACK_END                   
00000200  __STACK_SIZE                  
00000000  __TI_ATRegion0_region_sz      
00000000  __TI_ATRegion0_src_addr       
00000000  __TI_ATRegion0_trg_addr       
00000000  __TI_ATRegion1_region_sz      
00000000  __TI_ATRegion1_src_addr       
00000000  __TI_ATRegion1_trg_addr       
00000000  __TI_ATRegion2_region_sz      
00000000  __TI_ATRegion2_src_addr       
00000000  __TI_ATRegion2_trg_addr       
0000224c  __TI_CINIT_Base               
0000225c  __TI_CINIT_Limit              
0000225c  __TI_CINIT_Warm               
00002230  __TI_Handler_Table_Base       
0000223c  __TI_Handler_Table_Limit      
000011fd  __TI_auto_init_nobinit_nopinit
00000d25  __TI_decompress_lzss          
0000180d  __TI_decompress_none          
ffffffff  __TI_pprof_out_hndl           
000000c1  __TI_printfi_nofloat          
ffffffff  __TI_prof_data_size           
ffffffff  __TI_prof_data_start          
00000000  __TI_static_base__            
00001841  __TI_zero_init                
000020f0  __aeabi_ctype_table_          
000020f0  __aeabi_ctype_table_C         
20201034  __aeabi_errno                 
000018a9  __aeabi_errno_addr            
00000cab  __aeabi_idiv0                 
00000ed7  __aeabi_ldiv0                 
00001509  __aeabi_llsl                  
00001481  __aeabi_lmul                  
0000187d  __aeabi_memclr                
0000187d  __aeabi_memclr4               
0000187d  __aeabi_memclr8               
000018b1  __aeabi_memcpy                
000018b1  __aeabi_memcpy4               
000018b1  __aeabi_memcpy8               
00001851  __aeabi_memset                
00001851  __aeabi_memset4               
00001851  __aeabi_memset8               
00001141  __aeabi_uidiv                 
00001141  __aeabi_uidivmod              
000017d5  __aeabi_uldivmod              
00001509  __ashldi3                     
ffffffff  __binit__                     
UNDEFED   __mpu_init                    
00001481  __muldi3                      
00001239  __muldsi3                     
20207e00  __stack                       
20200000  __start___llvm_prf_bits       
20200000  __start___llvm_prf_cnts       
20200000  __stop___llvm_prf_bits        
20200000  __stop___llvm_prf_cnts        
00000c09  __udivmoddi4                  
0000140d  _c_int00_noargs               
UNDEFED   _system_post_cinit            
000018c1  _system_pre_init              
000018c5  abort                         
00001181  atoi                          
ffffffff  binit                         
20201000  buffer                        
00000000  interruptVectors              
00000b59  main                          
000014a5  memccpy                       
00001275  sprintf                       
00001831  wcslen                        


GLOBAL SYMBOLS: SORTED BY Symbol Address 

address   name                          
-------   ----                          
00000000  __TI_ATRegion0_region_sz      
00000000  __TI_ATRegion0_src_addr       
00000000  __TI_ATRegion0_trg_addr       
00000000  __TI_ATRegion1_region_sz      
00000000  __TI_ATRegion1_src_addr       
00000000  __TI_ATRegion1_trg_addr       
00000000  __TI_ATRegion2_region_sz      
00000000  __TI_ATRegion2_src_addr       
00000000  __TI_ATRegion2_trg_addr       
00000000  __TI_static_base__            
00000000  interruptVectors              
000000c1  __TI_printfi_nofloat          
00000200  __STACK_SIZE                  
00000949  OLED_ShowChar                 
00000a99  OLED_Init                     
00000b59  main                          
00000c09  __udivmoddi4                  
00000cab  __aeabi_idiv0                 
00000cad  SYSCFG_DL_ADC0_init           
00000d25  __TI_decompress_lzss          
00000d9d  I2C_WriteByte                 
00000e11  OLED_Fill                     
00000e79  DL_I2C_fillControllerTXFIFO   
00000ed7  __aeabi_ldiv0                 
00000ed9  SYSCFG_DL_I2C_OLED_init       
00000f31  SYSCFG_DL_initPower           
00000f85  OLED_ShowString               
000010bf  SYSCFG_DL_GPIO_init           
00001101  DL_ADC12_setClockConfig       
00001141  __aeabi_uidiv                 
00001141  __aeabi_uidivmod              
00001181  atoi                          
000011fd  __TI_auto_init_nobinit_nopinit
00001239  __muldsi3                     
00001275  sprintf                       
000012ad  OLED_SetPos                   
00001341  SYSCFG_DL_SYSCTL_init         
0000140d  _c_int00_noargs               
0000145b  DL_I2C_setClockConfig         
00001481  __aeabi_lmul                  
00001481  __muldi3                      
000014a5  memccpy                       
000014c9  ADC0_IRQHandler               
00001509  __aeabi_llsl                  
00001509  __ashldi3                     
00001725  SYSCFG_DL_init                
0000176b  WriteCmd                      
00001781  WriteData                     
000017d5  __aeabi_uldivmod              
000017fb  TI_memcpy_small               
0000180d  __TI_decompress_none          
00001831  wcslen                        
00001841  __TI_zero_init                
00001851  __aeabi_memset                
00001851  __aeabi_memset4               
00001851  __aeabi_memset8               
0000186d  TI_memset_small               
0000187d  __aeabi_memclr                
0000187d  __aeabi_memclr4               
0000187d  __aeabi_memclr8               
00001889  DL_Common_delayCycles         
00001893  OLED_CLS                      
000018a9  __aeabi_errno_addr            
000018b1  __aeabi_memcpy                
000018b1  __aeabi_memcpy4               
000018b1  __aeabi_memcpy8               
000018b9  ADC1_IRQHandler               
000018b9  AES_IRQHandler                
000018b9  CANFD0_IRQHandler             
000018b9  DAC0_IRQHandler               
000018b9  DMA_IRQHandler                
000018b9  Default_Handler               
000018b9  GROUP0_IRQHandler             
000018b9  GROUP1_IRQHandler             
000018b9  HardFault_Handler             
000018b9  I2C0_IRQHandler               
000018b9  I2C1_IRQHandler               
000018b9  NMI_Handler                   
000018b9  PendSV_Handler                
000018b9  RTC_IRQHandler                
000018b9  SPI0_IRQHandler               
000018b9  SPI1_IRQHandler               
000018b9  SVC_Handler                   
000018b9  SysTick_Handler               
000018b9  TIMA0_IRQHandler              
000018b9  TIMA1_IRQHandler              
000018b9  TIMG0_IRQHandler              
000018b9  TIMG12_IRQHandler             
000018b9  TIMG6_IRQHandler              
000018b9  TIMG7_IRQHandler              
000018b9  TIMG8_IRQHandler              
000018b9  UART0_IRQHandler              
000018b9  UART1_IRQHandler              
000018b9  UART2_IRQHandler              
000018b9  UART3_IRQHandler              
000018bd  Reset_Handler                 
000018c1  _system_pre_init              
000018c4  C$$EXIT                       
000018c5  abort                         
000018d0  F8X16                         
00001ec0  F6x8                          
000020f0  __aeabi_ctype_table_          
000020f0  __aeabi_ctype_table_C         
00002230  __TI_Handler_Table_Base       
0000223c  __TI_Handler_Table_Limit      
0000224c  __TI_CINIT_Base               
0000225c  __TI_CINIT_Limit              
0000225c  __TI_CINIT_Warm               
20200000  AdcValue                      
20200000  __start___llvm_prf_bits       
20200000  __start___llvm_prf_cnts       
20200000  __stop___llvm_prf_bits        
20200000  __stop___llvm_prf_cnts        
20201000  buffer                        
20201032  ADC_conv_cplt_flag            
20201034  __aeabi_errno                 
20207e00  __stack                       
20208000  __STACK_END                   
ffffffff  __TI_pprof_out_hndl           
ffffffff  __TI_prof_data_size           
ffffffff  __TI_prof_data_start          
ffffffff  __binit__                     
ffffffff  binit                         
UNDEFED   __mpu_init                    
UNDEFED   _system_post_cinit            

[125 symbols]
