******************************************************************************
            TI ARM Clang Linker PC v3.2.2                      
******************************************************************************
>> Linked Wed Jul 16 21:02:31 2025

OUTPUT FILE NAME:   <adc12_sequence_conversion_LP_MSPM0G3507_nortos_ticlang.out>
ENTRY POINT SYMBOL: "_c_int00_noargs"  address: 000002ad


MEMORY CONFIGURATION

         name            origin    length      used     unused   attr    fill
----------------------  --------  ---------  --------  --------  ----  --------
  FLASH                 00000000   00020000  00000358  0001fca8  R  X
  SRAM                  20200000   00008000  00000401  00007bff  RW X
  BCR_CONFIG            41c00000   000000ff  00000000  000000ff  R   
  BSL_CONFIG            41c00100   00000080  00000000  00000080  R   


SEGMENT ALLOCATION MAP

run origin  load origin   length   init length attrs members
----------  ----------- ---------- ----------- ----- -------
00000000    00000000    00000358   00000358    r-x
  00000000    00000000    000000c0   000000c0    r-- .intvecs
  000000c0    000000c0    00000278   00000278    r-x .text
  00000338    00000338    00000008   00000008    r-- .rodata
  00000340    00000340    00000018   00000018    r-- .cinit
20200000    20200000    00000201   00000000    rw-
  20200000    20200000    00000201   00000000    rw- .bss
20207e00    20207e00    00000200   00000000    rw-
  20207e00    20207e00    00000200   00000000    rw- .stack


SECTION ALLOCATION MAP

 output                                  attributes/
section   page    origin      length       input sections
--------  ----  ----------  ----------   ----------------
.intvecs   0    00000000    000000c0     
                  00000000    000000c0     startup_mspm0g350x_ticlang.o (.intvecs)

.text      0    000000c0    00000278     
                  000000c0    00000088     adc12_sequence_conversion.o (.text.main)
                  00000148    00000074     ti_msp_dl_config.o (.text.SYSCFG_DL_ADC12_0_init)
                  000001bc    00000040     driverlib.a : dl_adc12.o (.text.DL_ADC12_setClockConfig)
                  000001fc    00000040     ti_msp_dl_config.o (.text.SYSCFG_DL_SYSCTL_init)
                  0000023c    0000003c     libc.a : autoinit.c.obj (.text:__TI_auto_init_nobinit_nopinit)
                  00000278    00000034     ti_msp_dl_config.o (.text.SYSCFG_DL_initPower)
                  000002ac    00000028     libc.a : boot_cortex_m.c.obj (.text:_c_int00_noargs)
                  000002d4    0000001c     adc12_sequence_conversion.o (.text.ADC0_IRQHandler)
                  000002f0    00000016     libc.a : copy_zero_init.c.obj (.text:decompress:ZI:__TI_zero_init_nomemset)
                  00000306    00000014     ti_msp_dl_config.o (.text.SYSCFG_DL_init)
                  0000031a    0000000a     driverlib.a : dl_common.o (.text.DL_Common_delayCycles)
                  00000324    00000004     startup_mspm0g350x_ticlang.o (.text.Reset_Handler)
                  00000328    00000004     libc.a : pre_init.c.obj (.text._system_pre_init)
                  0000032c    00000004            : exit.c.obj (.text:abort)
                  00000330    00000002     startup_mspm0g350x_ticlang.o (.text.Default_Handler)
                  00000332    00000002     ti_msp_dl_config.o (.text.SYSCFG_DL_GPIO_init)
                  00000334    00000004     --HOLE-- [fill = 0]

.cinit     0    00000340    00000018     
                  00000340    00000008     (.cinit..bss.load) [load image, compression = zero_init]
                  00000348    00000004     (__TI_handler_table)
                  0000034c    00000008     (__TI_cinit_table)
                  00000354    00000004     --HOLE-- [fill = 0]

.rodata    0    00000338    00000008     
                  00000338    00000008     ti_msp_dl_config.o (.rodata.gADC12_0ClockConfig)

.init_array 
*          0    00000000    00000000     UNINITIALIZED

.binit     0    00000000    00000000     

.bss       0    20200000    00000201     UNINITIALIZED
                  20200000    00000080     (.common:gAdcResult0)
                  20200080    00000080     (.common:gAdcResult1)
                  20200100    00000080     (.common:gAdcResult2)
                  20200180    00000080     (.common:gAdcResult3)
                  20200200    00000001     (.common:gCheckADC)

.stack     0    20207e00    00000200     UNINITIALIZED
                  20207e00    00000004     libc.a : boot_cortex_m.c.obj (.stack)
                  20207e04    000001fc     --HOLE--

__llvm_prf_cnts 
*          0    20200000    00000000     UNINITIALIZED

__llvm_prf_bits 
*          0    20200000    00000000     UNINITIALIZED

MODULE SUMMARY

       Module                         code   ro data   rw data
       ------                         ----   -------   -------
    .\
       adc12_sequence_conversion.o    164    0         513    
       ti_msp_dl_config.o             254    8         0      
       startup_mspm0g350x_ticlang.o   6      192       0      
    +--+------------------------------+------+---------+---------+
       Total:                         424    200       513    
                                                              
    D:/A_Scholastic/33/ti/mspm0_sdk_2_04_00_06/source/ti/driverlib/lib/ticlang/m0p/mspm0g1x0x_g3x0x/driverlib.a
       dl_adc12.o                     64     0         0      
       dl_common.o                    10     0         0      
    +--+------------------------------+------+---------+---------+
       Total:                         74     0         0      
                                                              
    D:\ccstheia141\ccs\tools\compiler\ti-cgt-armllvm_3.2.2.LTS\lib\armv6m-ti-none-eabi/c/libc.a
       autoinit.c.obj                 60     0         0      
       boot_cortex_m.c.obj            40     0         0      
       copy_zero_init.c.obj           22     0         0      
       exit.c.obj                     4      0         0      
       pre_init.c.obj                 4      0         0      
    +--+------------------------------+------+---------+---------+
       Total:                         130    0         0      
                                                              
       Stack:                         0      0         512    
       Linker Generated:              0      20        0      
    +--+------------------------------+------+---------+---------+
       Grand Total:                   628    220       1025   


LINKER GENERATED COPY TABLES

__TI_cinit_table @ 0000034c records: 1, size/record: 8, table size: 8
	.bss: load addr=00000340, load size=00000008 bytes, run addr=20200000, run size=00000201 bytes, compression=zero_init


LINKER GENERATED HANDLER TABLE

__TI_handler_table @ 00000348 records: 1, size/record: 4, table size: 4
	index: 0, handler: __TI_zero_init


GLOBAL SYMBOLS: SORTED ALPHABETICALLY BY Name 

address   name                          
-------   ----                          
000002d5  ADC0_IRQHandler               
00000331  ADC1_IRQHandler               
00000331  AES_IRQHandler                
0000032c  C$$EXIT                       
00000331  CANFD0_IRQHandler             
00000331  DAC0_IRQHandler               
000001bd  DL_ADC12_setClockConfig       
0000031b  DL_Common_delayCycles         
00000331  DMA_IRQHandler                
00000331  Default_Handler               
00000331  GROUP0_IRQHandler             
00000331  GROUP1_IRQHandler             
00000331  HardFault_Handler             
00000331  I2C0_IRQHandler               
00000331  I2C1_IRQHandler               
00000331  NMI_Handler                   
00000331  PendSV_Handler                
00000331  RTC_IRQHandler                
00000325  Reset_Handler                 
00000331  SPI0_IRQHandler               
00000331  SPI1_IRQHandler               
00000331  SVC_Handler                   
00000149  SYSCFG_DL_ADC12_0_init        
00000333  SYSCFG_DL_GPIO_init           
000001fd  SYSCFG_DL_SYSCTL_init         
00000307  SYSCFG_DL_init                
00000279  SYSCFG_DL_initPower           
00000331  SysTick_Handler               
00000331  TIMA0_IRQHandler              
00000331  TIMA1_IRQHandler              
00000331  TIMG0_IRQHandler              
00000331  TIMG12_IRQHandler             
00000331  TIMG6_IRQHandler              
00000331  TIMG7_IRQHandler              
00000331  TIMG8_IRQHandler              
00000331  UART0_IRQHandler              
00000331  UART1_IRQHandler              
00000331  UART2_IRQHandler              
00000331  UART3_IRQHandler              
20208000  __STACK_END                   
00000200  __STACK_SIZE                  
00000000  __TI_ATRegion0_region_sz      
00000000  __TI_ATRegion0_src_addr       
00000000  __TI_ATRegion0_trg_addr       
00000000  __TI_ATRegion1_region_sz      
00000000  __TI_ATRegion1_src_addr       
00000000  __TI_ATRegion1_trg_addr       
00000000  __TI_ATRegion2_region_sz      
00000000  __TI_ATRegion2_src_addr       
00000000  __TI_ATRegion2_trg_addr       
0000034c  __TI_CINIT_Base               
00000354  __TI_CINIT_Limit              
00000354  __TI_CINIT_Warm               
00000348  __TI_Handler_Table_Base       
0000034c  __TI_Handler_Table_Limit      
0000023d  __TI_auto_init_nobinit_nopinit
ffffffff  __TI_pprof_out_hndl           
ffffffff  __TI_prof_data_size           
ffffffff  __TI_prof_data_start          
00000000  __TI_static_base__            
000002f1  __TI_zero_init_nomemset       
ffffffff  __binit__                     
UNDEFED   __mpu_init                    
20207e00  __stack                       
20200000  __start___llvm_prf_bits       
20200000  __start___llvm_prf_cnts       
20200000  __stop___llvm_prf_bits        
20200000  __stop___llvm_prf_cnts        
000002ad  _c_int00_noargs               
UNDEFED   _system_post_cinit            
00000329  _system_pre_init              
0000032d  abort                         
ffffffff  binit                         
20200000  gAdcResult0                   
20200080  gAdcResult1                   
20200100  gAdcResult2                   
20200180  gAdcResult3                   
20200200  gCheckADC                     
00000000  interruptVectors              
000000c1  main                          


GLOBAL SYMBOLS: SORTED BY Symbol Address 

address   name                          
-------   ----                          
00000000  __TI_ATRegion0_region_sz      
00000000  __TI_ATRegion0_src_addr       
00000000  __TI_ATRegion0_trg_addr       
00000000  __TI_ATRegion1_region_sz      
00000000  __TI_ATRegion1_src_addr       
00000000  __TI_ATRegion1_trg_addr       
00000000  __TI_ATRegion2_region_sz      
00000000  __TI_ATRegion2_src_addr       
00000000  __TI_ATRegion2_trg_addr       
00000000  __TI_static_base__            
00000000  interruptVectors              
000000c1  main                          
00000149  SYSCFG_DL_ADC12_0_init        
000001bd  DL_ADC12_setClockConfig       
000001fd  SYSCFG_DL_SYSCTL_init         
00000200  __STACK_SIZE                  
0000023d  __TI_auto_init_nobinit_nopinit
00000279  SYSCFG_DL_initPower           
000002ad  _c_int00_noargs               
000002d5  ADC0_IRQHandler               
000002f1  __TI_zero_init_nomemset       
00000307  SYSCFG_DL_init                
0000031b  DL_Common_delayCycles         
00000325  Reset_Handler                 
00000329  _system_pre_init              
0000032c  C$$EXIT                       
0000032d  abort                         
00000331  ADC1_IRQHandler               
00000331  AES_IRQHandler                
00000331  CANFD0_IRQHandler             
00000331  DAC0_IRQHandler               
00000331  DMA_IRQHandler                
00000331  Default_Handler               
00000331  GROUP0_IRQHandler             
00000331  GROUP1_IRQHandler             
00000331  HardFault_Handler             
00000331  I2C0_IRQHandler               
00000331  I2C1_IRQHandler               
00000331  NMI_Handler                   
00000331  PendSV_Handler                
00000331  RTC_IRQHandler                
00000331  SPI0_IRQHandler               
00000331  SPI1_IRQHandler               
00000331  SVC_Handler                   
00000331  SysTick_Handler               
00000331  TIMA0_IRQHandler              
00000331  TIMA1_IRQHandler              
00000331  TIMG0_IRQHandler              
00000331  TIMG12_IRQHandler             
00000331  TIMG6_IRQHandler              
00000331  TIMG7_IRQHandler              
00000331  TIMG8_IRQHandler              
00000331  UART0_IRQHandler              
00000331  UART1_IRQHandler              
00000331  UART2_IRQHandler              
00000331  UART3_IRQHandler              
00000333  SYSCFG_DL_GPIO_init           
00000348  __TI_Handler_Table_Base       
0000034c  __TI_CINIT_Base               
0000034c  __TI_Handler_Table_Limit      
00000354  __TI_CINIT_Limit              
00000354  __TI_CINIT_Warm               
20200000  __start___llvm_prf_bits       
20200000  __start___llvm_prf_cnts       
20200000  __stop___llvm_prf_bits        
20200000  __stop___llvm_prf_cnts        
20200000  gAdcResult0                   
20200080  gAdcResult1                   
20200100  gAdcResult2                   
20200180  gAdcResult3                   
20200200  gCheckADC                     
20207e00  __stack                       
20208000  __STACK_END                   
ffffffff  __TI_pprof_out_hndl           
ffffffff  __TI_prof_data_size           
ffffffff  __TI_prof_data_start          
ffffffff  __binit__                     
ffffffff  binit                         
UNDEFED   __mpu_init                    
UNDEFED   _system_post_cinit            

[80 symbols]
